RVMT_SERIAL_CAPTURE port=COM7 baud=115200 framing=8N1 duration=45.0 start=2026-06-09T15:53:54+0800
Hello World!
Hit any key to enter update mode .......... booting!
init SPI
status: 0x0000000000000025
status: 0x0000000000000025
SPI initialized!
initializing SD...
SD command cmd0 	response : 01
SD command cmd55 	response : 01
SD command cmd41 	response : 01
SD command cmd55 	response : 01
SD command cmd41 	response : 01
SD command cmd55 	response : 01
SD command cmd41 	response : 00
sd initialized!
gpt partition table header:
	signature:	5452415020494645
	revision:	00010000
	size:		0000005C
	crc_header:	FC596DFA
	reserved:	00000000
	current lba:	0000000000000001
	backup lda:	00000000000113FF
	partition entries lba:   	0000000000000002
	number partition entries:	00000080
	size partition entries:  	00000080
gpt partition entry 00
	partition type guid:	8915A0AAD38C105F8785832FFBC41D64
	partition guid:     	C09B09E805284C47AE6A9B8642F67B14
	first lba:	0000000000000022
	last lba:	00000000000013D7
	attributes:	0000000000000000
	name:	4F00700065006E0053004200490020007700690074006800200075002D0062006F006F00740020006100730020007000610079006C006F0061006400000000000000000000000000
gpt partition entry 01
	partition type guid:	AF3DC60F838472478E793D69D8477DE4
	partition guid:     	7D8A6AC579754440944F957B1859D38D
	first lba:	00000000000013D8
	last lba:	00000000000113D7
	attributes:	0000000000000000
	name:	460049005400200069006D00610067006500000000000000000000000000000000000000000000000000000000000000000000000000000000000000000000000000000000000000
gpt partition entry 02
	partition type guid:	00000000000000000000000000000000
	partition guid:     	00000000000000000000000000000000
	first lba:	0000000000000000
	last lba:	0000000000000000
	attributes:	0000000000000000
	name:	000000000000000000000000000000000000000000000000000000000000000000000000000000000000000000000000000000000000000000000000000000000000000000000000
gpt partition entry 03
	partition type guid:	00000000000000000000000000000000
	partition guid:     	00000000000000000000000000000000
	first lba:	0000000000000000
	last lba:	0000000000000000
	attributes:	0000000000000000
	name:	000000000000000000000000000000000000000000000000000000000000000000000000000000000000000000000000000000000000000000000000000000000000000000000000
copying boot image ..
RVMT_SERIAL_CAPTURE_DONE elapsed=45.105
