===== close_entry (SYSCALL_ENTRY_a7_0x39) =====
RVMT_SERIAL_DIRECT_COMMAND_CAPTURE port=COM7 baud=115200 start=2026-06-10T01:24:30+0800

RVMT_SEND 'echo RVMT_P2_RUN_START; /tmp/rvmt_p2/abnormal_syscall_sequence; echo RVMT_P2_RUN_DONE'
echo RVMT_P2_RUN_START; /tmp/rvmt_p2/abnormal_syscall_sequence; echo RVMT_P2_R

UN_DONE
RVMT_P2_RUN_START
RVMT_P2_RUN_DONE
#
#
RVMT_SERIAL_DIRECT_COMMAND_CAPTURE_DONE

===== openat_entry (SYSCALL_ENTRY_a7_0x38) =====
RVMT_SERIAL_DIRECT_COMMAND_CAPTURE port=COM7 baud=115200 start=2026-06-10T01:25:30+0800

RVMT_SEND 'echo RVMT_P2_RUN_START; /tmp/rvmt_p2/abnormal_syscall_sequence; echo RVMT_P2_RUN_DONE'
echo RVMT_P2_RUN_START; /tmp/rvmt_p2/abnormal_syscall_sequence; echo RVMT_P2_R

UN_DONE
RVMT_P2_RUN_START
RVMT_P2_RUN_DONE
#
#
RVMT_SERIAL_DIRECT_COMMAND_CAPTURE_DONE

===== read_entry (SYSCALL_ENTRY_a7_0x3f) =====
RVMT_SERIAL_DIRECT_COMMAND_CAPTURE port=COM7 baud=115200 start=2026-06-10T01:26:31+0800

RVMT_SEND 'echo RVMT_P2_RUN_START; /tmp/rvmt_p2/abnormal_syscall_sequence; echo RVMT_P2_RUN_DONE'
echo RVMT_P2_RUN_START; /tmp/rvmt_p2/abnormal_syscall_sequence; echo RVMT_P2_R

UN_DONE
RVMT_P2_RUN_START
RVMT_P2_RUN_DONE
#
#
RVMT_SERIAL_DIRECT_COMMAND_CAPTURE_DONE

===== write_entry (SYSCALL_ENTRY_a7_0x40) =====
RVMT_SERIAL_DIRECT_COMMAND_CAPTURE port=COM7 baud=115200 start=2026-06-10T01:27:31+0800

RVMT_SEND 'echo RVMT_P2_RUN_START; /tmp/rvmt_p2/abnormal_syscall_sequence; echo RVMT_P2_RUN_DONE'
echo RVMT_P2_RUN_START; /tmp/rvmt_p2/abnormal_syscall_sequence; echo RVMT_P2_R

UN_DONE
RVMT_P2_RUN_START
RVMT_P2_RUN_DONE
#
#
RVMT_SERIAL_DIRECT_COMMAND_CAPTURE_DONE

===== ret_any (SYSCALL_RET_any) =====
RVMT_SERIAL_DIRECT_COMMAND_CAPTURE port=COM7 baud=115200 start=2026-06-10T01:28:32+0800

RVMT_SEND 'echo RVMT_P2_RUN_START; /tmp/rvmt_p2/abnormal_syscall_sequence; echo RVMT_P2_RUN_DONE'
echo RVMT_P2_RUN_START; /tmp/rvmt_p2/abnormal_syscall_sequence; echo RVMT_P2_R

UN_DONE
RVMT_P2_RUN_START
RVMT_P2_RUN_DONE
#
#
RVMT_SERIAL_DIRECT_COMMAND_CAPTURE_DONE
