===== openat_entry (SYSCALL_ENTRY_a7_0x38) =====
RVMT_GENESYS2_ILA_COMMAND_CAPTURE_UART port=COM7 baud=115200 start=2026-06-10T15:50:19+0800

RVMT_SEND 'printf \'RVMT_P2_RUN_START sample=self_copy_sim capture=openat_entry\\n\'; /tmp/rvmt_p2/self_copy_sim; rc=$?; printf \'RVMT_P2_RUN_DONE sample=self_copy_sim capture=openat_entry rc=%s\\n\' "$rc"'
printf 'RVMT_P2_RUN_START sample=self_copy_sim capture=openat_entry\n'; /tmp/r

vmt_p2/self_copy_sim; rc=$?; printf 'RVMT_P2_RUN_DONE sample=self_copy_sim captu

re=openat_entry rc=%s\n' "$rc"
RVMT_P2_RUN_START sample=self_copy_sim capture=openat_entry
RVMT_P2_RUN_DONE sample=self_copy_sim capture=openat_entry rc=0
#
#
RVMT_GENESYS2_ILA_COMMAND_CAPTURE_UART_DONE

===== read_entry (SYSCALL_ENTRY_a7_0x3f) =====
RVMT_GENESYS2_ILA_COMMAND_CAPTURE_UART port=COM7 baud=115200 start=2026-06-10T15:51:01+0800

RVMT_SEND 'printf \'RVMT_P2_RUN_START sample=self_copy_sim capture=read_entry\\n\'; /tmp/rvmt_p2/self_copy_sim; rc=$?; printf \'RVMT_P2_RUN_DONE sample=self_copy_sim capture=read_entry rc=%s\\n\' "$rc"'
printf 'RVMT_P2_RUN_START sample=self_copy_sim capture=read_entry\n'; /tmp/rvm

t_p2/self_copy_sim; rc=$?; printf 'RVMT_P2_RUN_DONE sample=self_copy_sim capture

=read_entry rc=%s\n' "$rc"
RVMT_P2_RUN_START sample=self_copy_sim capture=read_entry
RVMT_P2_RUN_DONE sample=self_copy_sim capture=read_entry rc=0
#
#
RVMT_GENESYS2_ILA_COMMAND_CAPTURE_UART_DONE

===== write_entry (SYSCALL_ENTRY_a7_0x40) =====
RVMT_GENESYS2_ILA_COMMAND_CAPTURE_UART port=COM7 baud=115200 start=2026-06-10T15:51:45+0800

RVMT_SEND 'printf \'RVMT_P2_RUN_START sample=self_copy_sim capture=write_entry\\n\'; /tmp/rvmt_p2/self_copy_sim; rc=$?; printf \'RVMT_P2_RUN_DONE sample=self_copy_sim capture=write_entry rc=%s\\n\' "$rc"'
printf 'RVMT_P2_RUN_START sample=self_copy_sim capture=write_entry\n'; /tmp/rv

mt_p2/self_copy_sim; rc=$?; printf 'RVMT_P2_RUN_DONE sample=self_copy_sim captur

e=write_entry rc=%s\n' "$rc"
RVMT_P2_RUN_START sample=self_copy_sim capture=write_entry
RVMT_P2_RUN_DONE sample=self_copy_sim capture=write_entry rc=0
#
#
RVMT_GENESYS2_ILA_COMMAND_CAPTURE_UART_DONE

===== close_entry (SYSCALL_ENTRY_a7_0x39) =====
RVMT_GENESYS2_ILA_COMMAND_CAPTURE_UART port=COM7 baud=115200 start=2026-06-10T15:52:27+0800

RVMT_SEND 'printf \'RVMT_P2_RUN_START sample=self_copy_sim capture=close_entry\\n\'; /tmp/rvmt_p2/self_copy_sim; rc=$?; printf \'RVMT_P2_RUN_DONE sample=self_copy_sim capture=close_entry rc=%s\\n\' "$rc"'
printf 'RVMT_P2_RUN_START sample=self_copy_sim capture=close_entry\n'; /tmp/rv

mt_p2/self_copy_sim; rc=$?; printf 'RVMT_P2_RUN_DONE sample=self_copy_sim captur

e=close_entry rc=%s\n' "$rc"
RVMT_P2_RUN_START sample=self_copy_sim capture=close_entry
RVMT_P2_RUN_DONE sample=self_copy_sim capture=close_entry rc=0
#
#
RVMT_GENESYS2_ILA_COMMAND_CAPTURE_UART_DONE

===== ret_any (SYSCALL_RET_any) =====
RVMT_GENESYS2_ILA_COMMAND_CAPTURE_UART port=COM7 baud=115200 start=2026-06-10T15:53:17+0800

RVMT_SEND 'printf \'RVMT_P2_RUN_START sample=self_copy_sim capture=ret_any\\n\'; /tmp/rvmt_p2/self_copy_sim; rc=$?; printf \'RVMT_P2_RUN_DONE sample=self_copy_sim capture=ret_any rc=%s\\n\' "$rc"'
printf 'RVMT_P2_RUN_START sample=self_copy_sim capture=ret_any\n'; /tmp/rvmt_p

2/self_copy_sim; rc=$?; printf 'RVMT_P2_RUN_DONE sample=self_copy_sim capture=re

t_any rc=%s\n' "$rc"
RVMT_P2_RUN_START sample=self_copy_sim capture=ret_any
RVMT_P2_RUN_DONE sample=self_copy_sim capture=ret_any rc=0
#
#
RVMT_GENESYS2_ILA_COMMAND_CAPTURE_UART_DONE
