RVMT_PROGRAM_COMMAND=D:\Application\vivado\2025.2\Vivado\bin\vivado.bat -mode batch -source results\board\genesys2_baseline\20260609-1440-onboard-uart-reroute\04_cva6_baremetal_boot\program_genesys2_baseline.tcl

****** Vivado v2025.2 (64-bit)
  **** SW Build 6299465 on Fri Nov 14 19:35:11 GMT 2025
  **** IP Build 6300035 on Fri Nov 14 10:48:45 MST 2025
  **** SharedData Build 6298862 on Thu Nov 13 04:50:51 MST 2025
  **** Start of session at: Tue Jun  9 15:54:54 2026
    ** Copyright 1986-2022 Xilinx, Inc. All Rights Reserved.
    ** Copyright 2022-2025 Advanced Micro Devices, Inc. All Rights Reserved.

source {results\board\genesys2_baseline\20260609-1440-onboard-uart-reroute\04_cva6_baremetal_boot\program_genesys2_baseline.tcl}
# set bit_file {D:/Code/research/rv-maltrace/build/vivado/genesys2-cv64a6_imafdc_sv39/work-fpga/ariane_xilinx.bit}
# if {![file exists $bit_file]} {
#     error "Missing bitstream: $bit_file"
# }
# open_hw_manager
open_hw_manager: Time (s): cpu = 00:00:07 ; elapsed = 00:00:06 . Memory (MB): peak = 537.148 ; gain = 225.000
# if {[info exists env(HW_SERVER_URL)] && $env(HW_SERVER_URL) ne ""} {
#     connect_hw_server -url $env(HW_SERVER_URL)
# } else {
#     connect_hw_server
# }
INFO: [Labtools 27-2285] Connecting to hw_server url TCP:localhost:3121
INFO: [Labtools 27-2222] Launching hw_server...
INFO: [Labtools 27-2221] Launch Output:

****** Xilinx hw_server v2025.2
  **** Build date : Oct 28 2025 at 10:03:13
    ** Copyright 1986-2022 Xilinx, Inc. All Rights Reserved.




INFO: [Labtools 27-3415] Connecting to cs_server url TCP:localhost:0
INFO: [Labtools 27-3417] Launching cs_server...
INFO: [Labtools 27-2221] Launch Output:


******** Xilinx cs_server v2025.2.0
  ****** Build date   : Nov 14 2025-07:16:52
    **** Build number : 2025.2.1763075812
      ** Copyright 2017-2022 Xilinx, Inc. All Rights Reserved.
      ** Copyright 2022-2026 Advanced Micro Devices, Inc. All Rights Reserved.



connect_hw_server: Time (s): cpu = 00:00:00 ; elapsed = 00:00:06 . Memory (MB): peak = 541.094 ; gain = 3.945
# open_hw_target
INFO: [Labtoolstcl 44-466] Opening hw_target localhost:3121/xilinx_tcf/Digilent/200300B81858B
# set devs [get_hw_devices xc7k325t_0]
# if {[llength $devs] == 0} {
#     error "No xc7k325t_0 hardware device found"
# }
# set dev [lindex $devs 0]
# current_hw_device $dev
# puts "RVMT_HW_DEVICE=$dev PART=[get_property PART $dev]"
RVMT_HW_DEVICE=xc7k325t_0 PART=xc7k325t
# puts "RVMT_BITSTREAM=$bit_file"
RVMT_BITSTREAM=D:/Code/research/rv-maltrace/build/vivado/genesys2-cv64a6_imafdc_sv39/work-fpga/ariane_xilinx.bit
# set_property PROGRAM.FILE $bit_file $dev
# program_hw_devices $dev
INFO: [Labtools 27-3164] End of startup status: HIGH
program_hw_devices: Time (s): cpu = 00:00:06 ; elapsed = 00:00:07 . Memory (MB): peak = 543.391 ; gain = 0.000
# refresh_hw_device $dev
INFO: [Labtools 27-1434] Device xc7k325t (JTAG device index = 0) is programmed with a design that has no supported soft debug core(s) in it.
# puts "RVMT_PROGRAM_FILE=[get_property PROGRAM.FILE $dev]"
RVMT_PROGRAM_FILE=D:/Code/research/rv-maltrace/build/vivado/genesys2-cv64a6_imafdc_sv39/work-fpga/ariane_xilinx.bit
# puts "RVMT_PROGRAM_DONE=xc7k325t_0"
RVMT_PROGRAM_DONE=xc7k325t_0
# close_hw_manager
INFO: [Common 17-206] Exiting Vivado at Tue Jun  9 15:55:16 2026...
RVMT_PROGRAM_EXIT=0
