
****** Vivado v2025.2 (64-bit)
  **** SW Build 6299465 on Fri Nov 14 19:35:11 GMT 2025
  **** IP Build 6300035 on Fri Nov 14 10:48:45 MST 2025
  **** SharedData Build 6298862 on Thu Nov 13 04:50:51 MST 2025
  **** Start of session at: Mon Jun  8 02:39:53 2026
    ** Copyright 1986-2022 Xilinx, Inc. All Rights Reserved.
    ** Copyright 2022-2025 Advanced Micro Devices, Inc. All Rights Reserved.

source {D:\Code\research\rv-maltrace\results\board\genesys2_baseline\20260608-0107-baseline\01_led_clock_reset\program_genesys2_baseline.tcl} -notrace
INFO: [Labtools 27-2285] Connecting to hw_server url TCP:localhost:3121
INFO: [Labtools 27-2222] Launching hw_server...
INFO: [Labtools 27-2221] Launch Output:

****** Xilinx hw_server v2025.2
  **** Build date : Oct 28 2025 at 10:03:13
    ** Copyright 1986-2022 Xilinx, Inc. All Rights Reserved.




INFO: [Labtools 27-3415] Connecting to cs_server url TCP:localhost:0
INFO: [Labtools 27-3417] Launching cs_server...
INFO: [Labtools 27-2221] Launch Output:


******** Xilinx cs_server v2025.2.0
  ****** Build date   : Nov 14 2025-07:16:52
    **** Build number : 2025.2.1763075812
      ** Copyright 2017-2022 Xilinx, Inc. All Rights Reserved.
      ** Copyright 2022-2026 Advanced Micro Devices, Inc. All Rights Reserved.



INFO: [Labtoolstcl 44-466] Opening hw_target localhost:3121/xilinx_tcf/Digilent/200300B81858B
RVMT_HW_DEVICE=xc7k325t_0 PART=xc7k325t
RVMT_BITSTREAM=D:/Code/research/rv-maltrace/build/vivado/genesys2-cv64a6_imafdc_sv39/work-fpga/ariane_xilinx.bit
INFO: [Labtools 27-3164] End of startup status: HIGH
program_hw_devices: Time (s): cpu = 00:00:06 ; elapsed = 00:00:07 . Memory (MB): peak = 547.414 ; gain = 0.000
INFO: [Labtools 27-1434] Device xc7k325t (JTAG device index = 0) is programmed with a design that has no supported soft debug core(s) in it.
RVMT_PROGRAM_FILE=D:/Code/research/rv-maltrace/build/vivado/genesys2-cv64a6_imafdc_sv39/work-fpga/ariane_xilinx.bit
RVMT_PROGRAM_DONE=xc7k325t_0
INFO: [Common 17-206] Exiting Vivado at Mon Jun  8 02:40:12 2026...
