===== openat_entry (SYSCALL_ENTRY_a7_0x38) =====
RVMT_GENESYS2_ILA_COMMAND_CAPTURE_UART port=COM7 baud=115200 start=2026-06-10T15:41:28+0800

RVMT_SEND 'printf \'RVMT_P2_RUN_START sample=file_scan capture=openat_entry\\n\'; /tmp/rvmt_p2/file_scan; rc=$?; printf \'RVMT_P2_RUN_DONE sample=file_scan capture=openat_entry rc=%s\\n\' "$rc"'
printf 'RVMT_P2_RUN_START sample=file_scan capture=openat_entry\n'; /tmp/rvmt_

p2/file_scan; rc=$?; printf 'RVMT_P2_RUN_DONE sample=file_scan capture=openat_en

try rc=%s\n' "$rc"
RVMT_P2_RUN_START sample=file_scan capture=openat_entry
RVMT_P2_RUN_DONE sample=file_scan capture=openat_entry rc=0
#
#
RVMT_GENESYS2_ILA_COMMAND_CAPTURE_UART_DONE

===== getdents64_entry (SYSCALL_ENTRY_a7_0x3d) =====
RVMT_GENESYS2_ILA_COMMAND_CAPTURE_UART port=COM7 baud=115200 start=2026-06-10T15:41:52+0800

RVMT_SEND 'printf \'RVMT_P2_RUN_START sample=file_scan capture=getdents64_entry\\n\'; /tmp/rvmt_p2/file_scan; rc=$?; printf \'RVMT_P2_RUN_DONE sample=file_scan capture=getdents64_entry rc=%s\\n\' "$rc"'
printf 'RVMT_P2_RUN_START sample=file_scan capture=getdents64_entry\n'; /tmp/r

vmt_p2/file_scan; rc=$?; printf 'RVMT_P2_RUN_DONE sample=file_scan capture=getde

nts64_entry rc=%s\n' "$rc"
RVMT_P2_RUN_START sample=file_scan capture=getdents64_entry
RVMT_P2_RUN_DONE sample=file_scan capture=getdents64_entry rc=0
#
#
RVMT_GENESYS2_ILA_COMMAND_CAPTURE_UART_DONE

===== close_entry (SYSCALL_ENTRY_a7_0x39) =====
RVMT_GENESYS2_ILA_COMMAND_CAPTURE_UART port=COM7 baud=115200 start=2026-06-10T15:42:16+0800

RVMT_SEND 'printf \'RVMT_P2_RUN_START sample=file_scan capture=close_entry\\n\'; /tmp/rvmt_p2/file_scan; rc=$?; printf \'RVMT_P2_RUN_DONE sample=file_scan capture=close_entry rc=%s\\n\' "$rc"'
printf 'RVMT_P2_RUN_START sample=file_scan capture=close_entry\n'; /tmp/rvmt_p

2/file_scan; rc=$?; printf 'RVMT_P2_RUN_DONE sample=file_scan capture=close_entr

y rc=%s\n' "$rc"
RVMT_P2_RUN_START sample=file_scan capture=close_entry
RVMT_P2_RUN_DONE sample=file_scan capture=close_entry rc=0
#
#
RVMT_GENESYS2_ILA_COMMAND_CAPTURE_UART_DONE

===== ret_any (SYSCALL_RET_any) =====
RVMT_GENESYS2_ILA_COMMAND_CAPTURE_UART port=COM7 baud=115200 start=2026-06-10T15:42:40+0800

RVMT_SEND 'printf \'RVMT_P2_RUN_START sample=file_scan capture=ret_any\\n\'; /tmp/rvmt_p2/file_scan; rc=$?; printf \'RVMT_P2_RUN_DONE sample=file_scan capture=ret_any rc=%s\\n\' "$rc"'
printf 'RVMT_P2_RUN_START sample=file_scan capture=ret_any\n'; /tmp/rvmt_p2/fi

le_scan; rc=$?; printf 'RVMT_P2_RUN_DONE sample=file_scan capture=ret_any rc=%s\

n' "$rc"
RVMT_P2_RUN_START sample=file_scan capture=ret_any
RVMT_P2_RUN_DONE sample=file_scan capture=ret_any rc=0
#
#
RVMT_GENESYS2_ILA_COMMAND_CAPTURE_UART_DONE
