+ riscv-none-elf-gcc -march=rv64gc -mabi=lp64d -nostdlib -ffreestanding -Wl,--no-relax -TD:\Code\research\rv-maltrace\sim\programs\common\linker.ld D:\Code\research\rv-maltrace\sim\programs\common\crt0.S D:\Code\research\rv-maltrace\sim\programs\common\finish.S D:\Code\research\rv-maltrace\sim\programs\common\trap_vector.S D:\Code\research\rv-maltrace\sim\programs\backpressure\main.c -o D:\Code\research\rv-maltrace\build\baremetal\backpressure\backpressure.elf
uv : build_baremetal: error: [WinError 2] 系统找不到指定的文件。
At line:6 char:1
+ uv run rvmt baremetal:build *> $log
+ ~~~~~~~~~~~~~~~~~~~~~~~~~~~~~~~~~~~
    + CategoryInfo          : NotSpecified: (build_baremetal... 2] 系统找不到指定的文件。:String) [], RemoteException
    + FullyQualifiedErrorId : NativeCommandError

rvmt: error: Command failed with exit code 2: D:\Code\research\rv-maltrace\.venv\Scripts\python.exe tools/build_baremet
al.py --all --tool-prefix riscv-none-elf-
+ D:\Code\research\rv-maltrace\.venv\Scripts\python.exe tools/build_baremetal.py --all --tool-prefix riscv-none-elf-

--- RVMT Phase 4 UART payload build retry 2026-06-08T02:54:26.0735121+08:00 ---
docker :  Container rv-maltrace-cva6-toolchain-run-591118ee3e29 Creating
At line:7 char:1
+ docker compose -f docker-compose.toolchain.yml run --rm -u root --ent ...
+ ~~~~~~~~~~~~~~~~~~~~~~~~~~~~~~~~~~~~~~~~~~~~~~~~~~~~~~~~~~~~~~~~~~~~~
    + CategoryInfo          : NotSpecified: ( Container rv-m...e3e29 Creating :String) [], RemoteException
    + FullyQualifiedErrorId : NativeCommandError

 Container rv-maltrace-cva6-toolchain-run-591118ee3e29 Created
+ apt-get update
+ apt-get install -y --no-install-recommends gcc-riscv64-unknown-elf binutils-riscv64-unknown-elf
Reading package lists...
Building dependency tree...
Reading state information...
The following NEW packages will be installed:
  binutils-riscv64-unknown-elf gcc-riscv64-unknown-elf
0 upgraded, 2 newly installed, 0 to remove and 4 not upgraded.
Need to get 51.4 MB of archives.
After this operation, 263 MB of additional disk space will be used.
Get:1 http://archive.ubuntu.com/ubuntu noble/universe amd64 binutils-riscv64-unknown-elf amd64 2.42-1ubuntu1+6 [2997 kB]
Get:2 http://archive.ubuntu.com/ubuntu noble/universe amd64 gcc-riscv64-unknown-elf amd64 13.2.0-11ubuntu1+12 [48.4 MB]
debconf: delaying package configuration, since apt-utils is not installed
Fetched 51.4 MB in 8s (6745 kB/s)
Selecting previously unselected package binutils-riscv64-unknown-elf.
(Reading database ...
(Reading database ... 5%
(Reading database ... 10%
(Reading database ... 15%
(Reading database ... 20%
(Reading database ... 25%
(Reading database ... 30%
(Reading database ... 35%
(Reading database ... 40%
(Reading database ... 45%
(Reading database ... 50%
(Reading database ... 55%
(Reading database ... 60%
(Reading database ... 65%
(Reading database ... 70%
(Reading database ... 75%
(Reading database ... 80%
(Reading database ... 85%
(Reading database ... 90%
(Reading database ... 95%
(Reading database ... 100%
(Reading database ... 15027 files and directories currently installed.)
Preparing to unpack .../binutils-riscv64-unknown-elf_2.42-1ubuntu1+6_amd64.deb ...
Unpacking binutils-riscv64-unknown-elf (2.42-1ubuntu1+6) ...
Selecting previously unselected package gcc-riscv64-unknown-elf.
Preparing to unpack .../gcc-riscv64-unknown-elf_13.2.0-11ubuntu1+12_amd64.deb ...
Unpacking gcc-riscv64-unknown-elf (13.2.0-11ubuntu1+12) ...
Setting up binutils-riscv64-unknown-elf (2.42-1ubuntu1+6) ...
Setting up gcc-riscv64-unknown-elf (13.2.0-11ubuntu1+12) ...
Processing triggers for libc-bin (2.39-0ubuntu8.7) ...
+ mkdir -p /workspace/rv-maltrace/build/board/genesys2_cva6_phase4
+ riscv64-unknown-elf-gcc --version
+ head -n 1
riscv64-unknown-elf-gcc (13.2.0-11ubuntu1+12) 13.2.0
+ riscv64-unknown-elf-gcc -march=rv64gc -mabi=lp64d -nostdlib -ffreestanding -Wl,--no-relax -T /workspace/rv-maltrace/r
esults/board/genesys2_baseline/20260608-0107-baseline/04_cva6_baremetal_boot/rvmt_cva6_uart_pass_linker.ld /workspace/r
v-maltrace/results/board/genesys2_baseline/20260608-0107-baseline/04_cva6_baremetal_boot/rvmt_cva6_uart_pass.S -o /work
space/rv-maltrace/build/board/genesys2_cva6_phase4/rvmt_cva6_uart_pass.elf
+ riscv64-unknown-elf-objcopy -O binary /workspace/rv-maltrace/build/board/genesys2_cva6_phase4/rvmt_cva6_uart_pass.elf
 /workspace/rv-maltrace/build/board/genesys2_cva6_phase4/rvmt_cva6_uart_pass.bin
+ riscv64-unknown-elf-objdump -d /workspace/rv-maltrace/build/board/genesys2_cva6_phase4/rvmt_cva6_uart_pass.elf
+ ls -l /workspace/rv-maltrace/build/board/genesys2_cva6_phase4/rvmt_cva6_uart_pass.bin /workspace/rv-maltrace/build/bo
ard/genesys2_cva6_phase4/rvmt_cva6_uart_pass.dump /workspace/rv-maltrace/build/board/genesys2_cva6_phase4/rvmt_cva6_uar
t_pass.elf
-rwxr-xr-x 1 root root  126 Jun  7 18:54 /workspace/rv-maltrace/build/board/genesys2_cva6_phase4/rvmt_cva6_uart_pass.bin
-rw-r--r-- 1 root root 1305 Jun  7 18:54 /workspace/rv-maltrace/build/board/genesys2_cva6_phase4/rvmt_cva6_uart_pass.dump
-rwxr-xr-x 1 root root 5272 Jun  7 18:54 /workspace/rv-maltrace/build/board/genesys2_cva6_phase4/rvmt_cva6_uart_pass.elf
+ sha256sum /workspace/rv-maltrace/build/board/genesys2_cva6_phase4/rvmt_cva6_uart_pass.bin /workspace/rv-maltrace/buil
d/board/genesys2_cva6_phase4/rvmt_cva6_uart_pass.dump /workspace/rv-maltrace/build/board/genesys2_cva6_phase4/rvmt_cva6
_uart_pass.elf
e69c155b8bdfc94636d429a0ec3b56deed03969f19f40ac04022ab1ae121f686  /workspace/rv-maltrace/build/board/genesys2_cva6_phase4/rvmt_cva6_uart_pass.bin
4bdd8cbb2dc20bb7275dcd95d5957df05f0f89920fd44dbf88043f557816f31a  /workspace/rv-maltrace/build/board/genesys2_cva6_phase4/rvmt_cva6_uart_pass.dump
46c6a31f44b66fc765ce98242dcd65928c04cf3be40911a3737dc60eaffcad25  /workspace/rv-maltrace/build/board/genesys2_cva6_phase4/rvmt_cva6_uart_pass.elf
