===== mmap_entry (SYSCALL_ENTRY_a7_0xde) =====
RVMT_GENESYS2_ILA_COMMAND_CAPTURE_UART port=COM7 baud=115200 start=2026-06-10T15:22:46+0800

RVMT_SEND 'printf \'RVMT_P2_RUN_START sample=dynamic_executable_memory capture=mmap_entry\\n\'; /tmp/rvmt_p2/dynamic_executable_memory; rc=$?; printf \'RVMT_P2_RUN_DONE sample=dynamic_executable_memory capture=mmap_entry rc=%s\\n\' "$rc"'
printf 'RVMT_P2_RUN_START sample=dynamic_executable_memory capture=mmap_entry\

n'; /tmp/rvmt_p2/dynamic_executable_memory; rc=$?; printf 'RVMT_P2_RUN_DONE samp

le=dynamic_executable_memory capture=mmap_entry rc=%s\n' "$rc"
RVMT_P2_RUN_START sample=dynamic_executable_memory capture=mmap_entry
RVMT_P2_RUN_DONE sample=dynamic_executable_memory capture=mmap_entry rc=0
#
#
RVMT_GENESYS2_ILA_COMMAND_CAPTURE_UART_DONE

===== mprotect_entry (SYSCALL_ENTRY_a7_0xe2) =====
RVMT_GENESYS2_ILA_COMMAND_CAPTURE_UART port=COM7 baud=115200 start=2026-06-10T15:23:07+0800

RVMT_SEND 'printf \'RVMT_P2_RUN_START sample=dynamic_executable_memory capture=mprotect_entry\\n\'; /tmp/rvmt_p2/dynamic_executable_memory; rc=$?; printf \'RVMT_P2_RUN_DONE sample=dynamic_executable_memory capture=mprotect_entry rc=%s\\n\' "$rc"'
printf 'RVMT_P2_RUN_START sample=dynamic_executable_memory capture=mprotect_en

try\n'; /tmp/rvmt_p2/dynamic_executable_memory; rc=$?; printf 'RVMT_P2_RUN_DONE

sample=dynamic_executable_memory capture=mprotect_entry rc=%s\n' "$rc"
RVMT_P2_RUN_START sample=dynamic_executable_memory capture=mprotect_entry
RVMT_P2_RUN_DONE sample=dynamic_executable_memory capture=mprotect_entry rc=0
#
#
RVMT_GENESYS2_ILA_COMMAND_CAPTURE_UART_DONE

===== munmap_entry (SYSCALL_ENTRY_a7_0xd7) =====
RVMT_GENESYS2_ILA_COMMAND_CAPTURE_UART port=COM7 baud=115200 start=2026-06-10T15:23:29+0800

RVMT_SEND 'printf \'RVMT_P2_RUN_START sample=dynamic_executable_memory capture=munmap_entry\\n\'; /tmp/rvmt_p2/dynamic_executable_memory; rc=$?; printf \'RVMT_P2_RUN_DONE sample=dynamic_executable_memory capture=munmap_entry rc=%s\\n\' "$rc"'
printf 'RVMT_P2_RUN_START sample=dynamic_executable_memory capture=munmap_entr

y\n'; /tmp/rvmt_p2/dynamic_executable_memory; rc=$?; printf 'RVMT_P2_RUN_DONE sa

mple=dynamic_executable_memory capture=munmap_entry rc=%s\n' "$rc"
RVMT_P2_RUN_START sample=dynamic_executable_memory capture=munmap_entry
RVMT_P2_RUN_DONE sample=dynamic_executable_memory capture=munmap_entry rc=0
#
#
RVMT_GENESYS2_ILA_COMMAND_CAPTURE_UART_DONE

===== ret_any (SYSCALL_RET_any) =====
RVMT_GENESYS2_ILA_COMMAND_CAPTURE_UART port=COM7 baud=115200 start=2026-06-10T15:23:52+0800

RVMT_SEND 'printf \'RVMT_P2_RUN_START sample=dynamic_executable_memory capture=ret_any\\n\'; /tmp/rvmt_p2/dynamic_executable_memory; rc=$?; printf \'RVMT_P2_RUN_DONE sample=dynamic_executable_memory capture=ret_any rc=%s\\n\' "$rc"'
printf 'RVMT_P2_RUN_START sample=dynamic_executable_memory capture=ret_any\n';

 /tmp/rvmt_p2/dynamic_executable_memory; rc=$?; printf 'RVMT_P2_RUN_DONE sample=

dynamic_executable_memory capture=ret_any rc=%s\n' "$rc"
RVMT_P2_RUN_START sample=dynamic_executable_memory capture=ret_any
RVMT_P2_RUN_DONE sample=dynamic_executable_memory capture=ret_any rc=0
#
#
RVMT_GENESYS2_ILA_COMMAND_CAPTURE_UART_DONE
