RVMT_SERIAL_DIRECT_COMMAND_CAPTURE port=COM7 baud=115200 start=2026-06-10T06:42:34+0800

RVMT_SEND 'sample_id=\'illegal_trap\'\nsample_class=\'malware_like_synthetic\'\nruntime_path=\'/tmp/rvmt_p2/illegal_trap\'\nmode=\'trace-on\'\nrep=0\nwarmup=1\nsettle=0.2\nhex() { printf \'%s\' "$1" | od -An -tx1 -v | tr -d \' \\n\'; }\nemit_proc() {\n  role="$1"\n  pid="$2"\n  if [ -r "/proc/$pid/comm" ] && [ -r "/proc/$pid/maps" ]; then\n    comm=$(cat "/proc/$pid/comm" 2>/dev/null | tr -d \'\\r\\n\')\n    exe=$(readlink "/proc/$pid/exe" 2>/dev/null || true)\n    echo "RVMT_RUNTIME_PROCESS role=$role pid=$pid tgid=$pid comm_hex=$(hex "$comm") exe_hex=$(hex "$exe") status=PASS"\n    while IFS= read -r line; do\n      echo "RVMT_RUNTIME_PROCESS_MAP_RAW role=$role line_hex=$(hex "$line")"\n    done < "/proc/$pid/maps"\n  else\n    echo "RVMT_RUNTIME_PROCESS role=$role pid=$pid tgid=$pid comm_hex= exe_hex= status=BLOCKED"\n  fi\n}\necho "RVMT_RUNTIME_PROCESS_MAP_BEGIN schema=rvmt.runtime_process_map.v1 class=$sample_class sample=$sample_id mode=$mode rep=$rep warmup=$warmup"\n"$runtime_path" &\ntarget_pid=$!\nsleep "$settle"\nemit_proc runner_parent $$\nemit_proc target_child "$target_pid"\necho "RVMT_RUNTIME_PROCESS_PROVENANCE collector=capture_genesys2_runtime_process_map.py method=genesys2_uart_procfs_snapshot proc_sample_time=$(date +%Y%m%dT%H%M%S 2>/dev/null || echo unknown) status=PASS warnings_hex="\nwait "$target_pid"\ntarget_exit=$?\necho "RVMT_RUNTIME_PROCESS_MAP_END status=PASS target_exit=$target_exit"\n'
sample_id='illegal_trap'
_procfs_snapshot proc_sample_time=$(date +%Y%m%dT%H%M%S 2>/dev/null || # sample_class='malware_like_synthetic'
# runtime_path='/tmp/rvmt_p2/illegal_trap'
# mode='trace-on'
# rep=0
# warmup=1
# settle=0.2
# hex() { printf '%s' "$1" | od -An -tx1 -v | tr -d ' \n'; }
# emit_proc() {
>   role="$1"
>   pid="$2"
>   if [ -r "/proc/$pid/comm" ] && [ -r "/proc/$pid/maps" ]; then
>     comm=$(cat "/proc/$pid/comm" 2>/dev/null | tr -d '\r\n')
>     exe=$(readlink "/proc/$pid/exe" 2>/dev/null || true)
>     echo "RVMT_RUNTIME_PROCESS role=$role pid=$pid tgid=$pid comm_hex=$(hex "$

comm") exe_hex=$(hex "$exe") status=PASS"
>     while IFS= read -r line; do
>       echo "RVMT_RUNTIME_PROCESS_MAP_RAW role=$role line_hex=$(hex "$line")"
>     done < "/proc/$pid/maps"
>   else
>     echo "RVMT_RUNTIME_PROCESS role=$role pid=$pid tgid=$pid comm_hex= exe_hex

= status=BLOCKED"
>   fi
> }
# echo "RVMT_RUNTIME_PROCESS_MAP_BEGIN schema=rvmt.runtime_process_map.v1 class=

$sample_class sample=$sample_id mode=$mode rep=$rep warmup=$warmup"
RVMT_RUNTIME_PROCESS_MAP_BEGIN schema=rvmt.runtime_process_map.v1 class=malware_like_synthetic sample=illegal_trap mode=trace-on rep=0 warmup=1
# "$runtime_path" &
# target_pid=$!
# sleep "$settle"
# emit_proc runner_parent $$
RVMT_RUNTIME_PROCESS role=runner_parent pid=95 tgid=95 comm_hex=7368 exe_hex=2f62696e2f62757379626f78 status=PASS
RVMT_RUNTIME_PROCESS_MAP_RAW role=runner_parent line_hex=326165376561653030302d3261653766363430303020722d78702030303030303030302030303a303220313120202020202020202020202020202020202020202020202020202020202f62696e2f62757379626f78
RVMT_RUNTIME_PROCESS_MAP_RAW role=runner_parent line_hex=326165376636343030302d3261653766363730303020722d2d702030303062363030302030303a303220313120202020202020202020202020202020202020202020202020202020202f62696e2f62757379626f78
RVMT_RUNTIME_PROCESS_MAP_RAW role=runner_parent line_hex=326165376636373030302d326165376636383030302072772d702030303062393030302030303a303220313120202020202020202020202020202020202020202020202020202020202f62696e2f62757379626f78
RVMT_RUNTIME_PROCESS_MAP_RAW role=runner_parent line_hex=326165376636383030302d326165376638393030302072772d702030303030303030302030303a303020302020202020202020202020202020202020202020202020202020202020205b686561705d
RVMT_RUNTIME_PROCESS_MAP_RAW role=runner_parent line_hex=336661343730643030302d336661343730663030302072772d702030303030303030302030303a3030203020
RVMT_RUNTIME_PROCESS_MAP_RAW role=runner_parent line_hex=336661343730663030302d3366613438356230303020722d78702030303030303030302030303a303220313538202020202020202020202020202020202020202020202020202020202f6c69622f6c6962632e736f2e36
RVMT_RUNTIME_PROCESS_MAP_RAW role=runner_parent line_hex=336661343835623030302d3366613438356530303020722d2d702030303134633030302030303a303220313538202020202020202020202020202020202020202020202020202020202f6c69622f6c6962632e736f2e36
RVMT_RUNTIME_PROCESS_MAP_RAW role=runner_parent line_hex=336661343835653030302d336661343836303030302072772d702030303134663030302030303a303220313538202020202020202020202020202020202020202020202020202020202f6c69622f6c6962632e736f2e36
RVMT_RUNTIME_PROCESS_MAP_RAW role=runner_parent line_hex=336661343836303030302d336661343836633030302072772d702030303030303030302030303a3030203020
RVMT_RUNTIME_PROCESS_MAP_RAW role=runner_parent line_hex=336661343836633030302d3366613438373630303020722d78702030303030303030302030303a303220313638202020202020202020202020202020202020202020202020202020202f6c69622f6c69627265736f6c762e736f2e32
RVMT_RUNTIME_PROCESS_MAP_RAW role=runner_parent line_hex=336661343837363030302d3366613438373730303020722d2d702030303030613030302030303a303220313638202020202020202020202020202020202020202020202020202020202f6c69622f6c69627265736f6c762e736f2e32
RVMT_RUNTIME_PROCESS_MAP_RAW role=runner_parent line_hex=336661343837373030302d336661343837383030302072772d702030303030623030302030303a303220313638202020202020202020202020202020202020202020202020202020202f6c69622f6c69627265736f6c762e736f2e32
RVMT_RUNTIME_PROCESS_MAP_RAW role=runner_parent line_hex=336661343837383030302d336661343837613030302072772d702030303030303030302030303a3030203020
RVMT_RUNTIME_PROCESS_MAP_RAW role=runner_parent line_hex=336661343837613030302d3366613438376530303020722d2d702030303030303030302030303a303020302020202020202020202020202020202020202020202020202020202020205b767661725d
RVMT_RUNTIME_PROCESS_MAP_RAW role=runner_parent line_hex=336661343837653030302d3366613438383030303020722d78702030303030303030302030303a303020302020202020202020202020202020202020202020202020202020202020205b7664736f5d
RVMT_RUNTIME_PROCESS_MAP_RAW role=runner_parent line_hex=336661343838303030302d3366613438613130303020722d78702030303030303030302030303a303220313531202020202020202020202020202020202020202020202020202020202f6c69622f6c642d6c696e75782d726973637636342d6c703634642e736f2e31
RVMT_RUNTIME_PROCESS_MAP_RAW role=runner_parent line_hex=336661343861313030302d3366613438613330303020722d2d702030303032303030302030303a303220313531202020202020202020202020202020202020202020202020202020202f6c69622f6c642d6c696e75782d726973637636342d6c703634642e736f2e31
RVMT_RUNTIME_PROCESS_MAP_RAW role=runner_parent line_hex=336661343861333030302d336661343861343030302072772d702030303032323030302030303a303220313531202020202020202020202020202020202020202020202020202020202f6c69622f6c642d6c696e75782d726973637636342d6c703634642e736f2e31
RVMT_RUNTIME_PROCESS_MAP_RAW role=runner_parent line_hex=336661343861343030302d336661343861353030302072772d702030303030303030302030303a3030203020
RVMT_RUNTIME_PROCESS_MAP_RAW role=runner_parent line_hex=336664653933393030302d336664653935613030302072772d702030303030303030302030303a303020302020202020202020202020202020202020202020202020202020202020205b737461636b5d
# emit_proc target_child "$target_pid"
RVMT_RUNTIME_PROCESS role=target_child pid=3379 tgid=3379 comm_hex=696c6c6567616c5f74726170 exe_hex=2f746d702f72766d745f70322f696c6c6567616c5f74726170 status=PASS
RVMT_RUNTIME_PROCESS_MAP_RAW role=target_child line_hex=30303031303030302d303030313130303020722d78702030303030303030302030303a31302031342020202020202020202020202020202020202020202020202020202020202020202f746d702f72766d745f70322f696c6c6567616c5f74726170
RVMT_RUNTIME_PROCESS_MAP_RAW role=target_child line_hex=336662613530653030302d3366626135313230303020722d2d702030303030303030302030303a303020302020202020202020202020202020202020202020202020202020202020205b767661725d
RVMT_RUNTIME_PROCESS_MAP_RAW role=target_child line_hex=336662613531323030302d3366626135313430303020722d78702030303030303030302030303a303020302020202020202020202020202020202020202020202020202020202020205b7664736f5d
RVMT_RUNTIME_PROCESS_MAP_RAW role=target_child line_hex=336665613766643030302d336665613831653030302072772d702030303030303030302030303a303020302020202020202020202020202020202020202020202020202020202020205b737461636b5d
# echo "RVMT_RUNTIME_PROCESS_PROVENANCE collector=capture_genesys2_runtime_proce

ss_map.py method=genesys2_uart_procfs_snapshot proc_sample_time=$(date +%Y%m%dT%

H%M%S 2>/dev/null || echo unknown) status=PASS warnings_hex="
RVMT_RUNTIME_PROCESS_PROVENANCE collector=capture_genesys2_runtime_process_map.py method=genesys2_uart_procfs_snapshot proc_sample_time=19700101T053121 status=PASS warnings_hex=
# wait "$target_pid"
synthetic SIGILL
[1]+  Done                       "${runtime_path}"
# target_exit=$?
# echo "RVMT_RUNTIME_PROCESS_MAP_END status=PASS target_exit=$target_exit"
RVMT_RUNTIME_PROCESS_MAP_END status=PASS target_exit=0
#
#
#
RVMT_SERIAL_DIRECT_COMMAND_CAPTURE_DONE
